// Vitest Snapshot v1, https://vitest.dev/guide/snapshot.html

exports[`wrangler > kv namespace > create > wrangler.json > should create a namespace 1`] = `
"ðŸŒ€ Creating namespace with title \\"worker-UnitTestNamespace\\"
âœ¨ Success!
Add the following to your configuration file in your kv_namespaces array:
{
  \\"kv_namespaces\\": [
    {
      \\"binding\\": \\"UnitTestNamespace\\",
      \\"id\\": \\"some-namespace-id\\"
    }
  ]
}"
`;

exports[`wrangler > kv namespace > create > wrangler.json > should create a namespace in an environment if configured to do so 1`] = `
"ðŸŒ€ Creating namespace with title \\"worker-customEnv-UnitTestNamespace\\"
âœ¨ Success!
Add the following to your configuration file in your kv_namespaces array under [env.customEnv]:
{
  \\"kv_namespaces\\": [
    {
      \\"binding\\": \\"UnitTestNamespace\\",
      \\"id\\": \\"some-namespace-id\\"
    }
  ]
}"
`;

exports[`wrangler > kv namespace > create > wrangler.json > should create a namespace using configured worker name 1`] = `
"ðŸŒ€ Creating namespace with title \\"other-worker-UnitTestNamespace\\"
âœ¨ Success!
Add the following to your configuration file in your kv_namespaces array:
{
  \\"kv_namespaces\\": [
    {
      \\"binding\\": \\"UnitTestNamespace\\",
      \\"id\\": \\"some-namespace-id\\"
    }
  ]
}"
`;

exports[`wrangler > kv namespace > create > wrangler.json > should create a preview namespace if configured to do so 1`] = `
"ðŸŒ€ Creating namespace with title \\"worker-UnitTestNamespace_preview\\"
âœ¨ Success!
Add the following to your configuration file in your kv_namespaces array:
{
  \\"kv_namespaces\\": [
    {
      \\"binding\\": \\"UnitTestNamespace\\",
      \\"preview_id\\": \\"some-namespace-id\\"
    }
  ]
}"
`;

exports[`wrangler > kv namespace > create > wrangler.toml > should create a namespace 1`] = `
"ðŸŒ€ Creating namespace with title \\"worker-UnitTestNamespace\\"
âœ¨ Success!
Add the following to your configuration file in your kv_namespaces array:
[[kv_namespaces]]
binding = \\"UnitTestNamespace\\"
id = \\"some-namespace-id\\"
"
`;

exports[`wrangler > kv namespace > create > wrangler.toml > should create a namespace in an environment if configured to do so 1`] = `
"ðŸŒ€ Creating namespace with title \\"worker-customEnv-UnitTestNamespace\\"
âœ¨ Success!
Add the following to your configuration file in your kv_namespaces array under [env.customEnv]:
[[kv_namespaces]]
binding = \\"UnitTestNamespace\\"
id = \\"some-namespace-id\\"
"
`;

exports[`wrangler > kv namespace > create > wrangler.toml > should create a namespace using configured worker name 1`] = `
"ðŸŒ€ Creating namespace with title \\"other-worker-UnitTestNamespace\\"
âœ¨ Success!
Add the following to your configuration file in your kv_namespaces array:
[[kv_namespaces]]
binding = \\"UnitTestNamespace\\"
id = \\"some-namespace-id\\"
"
`;

exports[`wrangler > kv namespace > create > wrangler.toml > should create a preview namespace if configured to do so 1`] = `
"ðŸŒ€ Creating namespace with title \\"worker-UnitTestNamespace_preview\\"
âœ¨ Success!
Add the following to your configuration file in your kv_namespaces array:
[[kv_namespaces]]
binding = \\"UnitTestNamespace\\"
preview_id = \\"some-namespace-id\\"
"
`;
