// Vitest Snapshot v1, https://vitest.dev/guide/snapshot.html

exports[`kv > mocks fetch requests > mocked-data 1`] = `"data"`;
